<!-- wp:syntaxhighlighter/code {"language":"yaml"} -->
<pre class="wp-block-syntaxhighlighter-code">causeway:
  viewer:
    wicket:
      foo: bar
</pre>
<!-- /wp:syntaxhighlighter/code -->
