<!-- wp:quote {"canvasClassName":"cnvs-block-core-quote-1234567890123"} -->
<blockquote class="wp-block-quote">
   <!-- wp:paragraph {"canvasClassName":"cnvs-block-core-paragraph-1234567890123"} -->
   <p>NOTE</p>
   <!-- /wp:paragraph -->
   <cite>By the way, a human-usable UI is only one such projection of the metamodel - Causeway can also use it to dynamically generate a REST API for your app (along with Swagger files), as well as a complete GraphQL API.</cite>
</blockquote>
<!-- /wp:quote -->
