<!-- wp:quote {"canvasClassName":"cnvs-block-core-quote-1234567890123"} -->
<blockquote class="wp-block-quote">
   <!-- wp:paragraph {"canvasClassName":"cnvs-block-core-paragraph-1234567890123"} -->
   <p>TIP</p>
   <!-- /wp:paragraph -->
   <cite>Notice that ...</cite>
</blockquote>
<!-- /wp:quote -->
