<!-- wp:syntaxhighlighter/code {"language":"xml"} -->
<pre class="wp-block-syntaxhighlighter-code">...
&lt;bs3:col span=&quot;12&quot;&gt;
    &lt;cpt:fieldSet name=&quot;Contact&quot; id=&quot;contact&quot;&gt;
        &lt;cpt:property id=&quot;telephoneNumber&quot;/&gt;
        &lt;cpt:property id=&quot;emailAddress&quot;/&gt;
        &lt;cpt:property id=&quot;what3words&quot;/&gt;
    &lt;/cpt:fieldSet&gt;
&lt;/bs3:col&gt;
...
</pre>
<!-- /wp:syntaxhighlighter/code -->
