<!-- wp:heading {"level":3,"canvasClassName":"cnvs-block-core-heading-1234567890123"} -->
<h3 class="wp-block-heading">Tackling the essential complexity of your domain</h3>
<!-- /wp:heading -->
