<!-- wp:separator {"canvasClassName":"cnvs-block-core-separator-1234567890123"} -->
<hr class="wp-block-separator has-alpha-channel-opacity"/>
<!-- /wp:separator -->
