<figure class="wp-block-image size-full is-resized"><img src="https://javapro.io/wp-content/uploads/2025/08/causeway-welcome-page.png" alt="" class="wp-image-5814" style="width:400px" /></figure>

