<!-- wp:list {"ordered":true,"canvasClassName":"cnvs-block-core-list-1234567890123"} -->
<ul><!-- wp:list-item {"canvasClassName":"cnvs-block-core-list-item-1234567890123"} -->
<li>first one</li>
<!-- /wp:list-item -->
<!-- wp:list-item {"canvasClassName":"cnvs-block-core-list-item-1234567890123"} -->
<li>this has <a target="_blank" href="https://example.com">some link</a></li>
<!-- /wp:list-item -->
</ul>
<!-- /wp:list -->
