<!-- wp:paragraph {"canvasClassName":"cnvs-block-core-paragraph-1234567890123"} -->
<p>If you open up <a target="_blank" href="http://localhost:8080">http://localhost:8080</a>, you'll see:</p>
<!-- /wp:paragraph -->
