<!-- wp:syntaxhighlighter/code -->
<pre class="wp-block-syntaxhighlighter-code">#name
telephoneNumber
emailAddress
daysSinceLastVisit
#lastVisit
#knownAs
#attachment
#notes
#version
</pre>
<!-- /wp:syntaxhighlighter/code -->
