<figure class="wp-block-image size-large is-resized"><img src="https://javapro.io/wp-content/uploads/2025/08/causeway-welcome-page-1024x564.png" alt="" class="wp-image-5814" style="width:400px" /></figure>

