<!-- wp:heading {"canvasClassName":"cnvs-block-core-heading-1234567890123"} -->
<h2 class="wp-block-heading">Choosing the UI</h2>
<!-- /wp:heading -->
