<!-- wp:list {"canvasClassName":"cnvs-block-core-list-1234567890123"} -->
<ul><!-- wp:list-item {"canvasClassName":"cnvs-block-core-list-item-1234567890123"} -->
<li>Java 21</li>
<!-- /wp:list-item -->
<!-- wp:list-item {"canvasClassName":"cnvs-block-core-list-item-1234567890123"} -->
<li>Apache Maven 3.9.9+ and/or mvndaemon (<code>mvnd</code>).</li>
<!-- /wp:list-item -->
<!-- wp:list-item {"canvasClassName":"cnvs-block-core-list-item-1234567890123"} -->
<li>git</li>
<!-- /wp:list-item -->
<!-- wp:list-item {"canvasClassName":"cnvs-block-core-list-item-1234567890123"} -->
<li>a Java IDE (IntelliJ, Eclipse, VSCode etc)</li>
<!-- /wp:list-item -->
</ul>
<!-- /wp:list -->
