<!-- wp:syntaxhighlighter/code {"language":"bash"} -->
<pre class="wp-block-syntaxhighlighter-code">git clone https://github.com/danhaywood/petclinic-javapro .
mvn clean install -T1C                  # or mvnd clean install</pre>
<!-- /wp:syntaxhighlighter/code -->

