<!-- wp:paragraph {"canvasClassName":"cnvs-block-core-paragraph-1754216031731"} -->
<p>Let's set the scene: you're about to start work on a line-of-business application within your enterprise. It has to handle a complicated domain, and the business expect it to deliver value for them for many years to come. How would you go about building it?</p>
<!-- /wp:paragraph -->
